<?xml version="1.0" encoding="UTF-8"?>
<TestRun id="ca1b75cc-82cd-4456-83bf-929d496c2d3f" name="Alberto@ALBERTO-PC 2011-06-16 08:26:56" runUser="Alberto-PC\Alberto" xmlns="http://microsoft.com/schemas/VisualStudio/TeamTest/2010">
  <TestSettings name="Local" id="4a4c0338-46f7-45f6-a07a-14435562145d">
    <Description>These are default test settings for a local test run.</Description>
    <Deployment enabled="false" runDeploymentRoot="Alberto_ALBERTO-PC 2011-06-16 08_26_56">
      <DeploymentItem filename="C:\ProjetosGit\DynamicExpressionBuilder\DynamicExpressionBuilder\DynamicExpressionBuilder\bin\Debug\DynamicExpressionBuilder.dll" />
    </Deployment>
    <Execution>
      <TestTypeSpecific />
      <AgentRule name="Execution Agents">
      </AgentRule>
    </Execution>
  </TestSettings>
  <Times creation="2011-06-16T08:26:56.9969680-03:00" queuing="2011-06-16T08:26:57.0609716-03:00" start="2011-06-16T08:26:57.0839729-03:00" finish="2011-06-16T08:27:35.3811634-03:00" />
  <ResultSummary outcome="Completed">
    <Counters total="4" executed="4" passed="4" error="0" failed="0" timeout="0" aborted="0" inconclusive="0" passedButRunAborted="0" notRunnable="0" notExecuted="0" disconnected="0" warning="0" completed="0" inProgress="0" pending="0" />
  </ResultSummary>
  <TestDefinitions>
    <UnitTest name="ReturnSameValueWhenUseExpressionOr" storage="c:\projetosgit\dynamicexpressionbuilder\dynamicexpressionbuilder\dynamicexpressionbuildertest\bin\debug\dynamicexpressionbuildertest.dll" id="649c718a-29c9-5aef-60e8-5ab01cb7bf94">
      <Execution id="46f03c8e-5c89-47c9-8c9a-8b92292e4820" />
      <TestMethod codeBase="C:/ProjetosGit/DynamicExpressionBuilder/DynamicExpressionBuilder/DynamicExpressionBuilderTest/bin/Debug/DynamicExpressionBuilderTest.DLL" adapterTypeName="Microsoft.VisualStudio.TestTools.TestTypes.Unit.UnitTestAdapter, Microsoft.VisualStudio.QualityTools.Tips.UnitTest.Adapter, Version=10.0.0.0, Culture=neutral, PublicKeyToken=b03f5f7f11d50a3a" className="DynamicExpressionBuilderTest.FilterExpressionTest, DynamicExpressionBuilderTest, Version=1.0.0.0, Culture=neutral, PublicKeyToken=null" name="ReturnSameValueWhenUseExpressionOr" />
    </UnitTest>
    <UnitTest name="ShouldBeEqualsWithChainedWheres" storage="c:\projetosgit\dynamicexpressionbuilder\dynamicexpressionbuilder\dynamicexpressionbuildertest\bin\debug\dynamicexpressionbuildertest.dll" id="a091c62d-cbd8-20bf-38ee-4c2e0c08d4f7">
      <Execution id="407f7989-86cf-4b7b-9115-7a1212c6666b" />
      <TestMethod codeBase="C:/ProjetosGit/DynamicExpressionBuilder/DynamicExpressionBuilder/DynamicExpressionBuilderTest/bin/Debug/DynamicExpressionBuilderTest.DLL" adapterTypeName="Microsoft.VisualStudio.TestTools.TestTypes.Unit.UnitTestAdapter, Microsoft.VisualStudio.QualityTools.Tips.UnitTest.Adapter, Version=10.0.0.0, Culture=neutral, PublicKeyToken=b03f5f7f11d50a3a" className="DynamicExpressionBuilderTest.FilterExpressionTest, DynamicExpressionBuilderTest, Version=1.0.0.0, Culture=neutral, PublicKeyToken=null" name="ShouldBeEqualsWithChainedWheres" />
    </UnitTest>
    <UnitTest name="ShouldBeFast" storage="c:\projetosgit\dynamicexpressionbuilder\dynamicexpressionbuilder\dynamicexpressionbuildertest\bin\debug\dynamicexpressionbuildertest.dll" id="b811aea2-ddd9-0281-69a5-a60da703395d">
      <Execution id="819301ad-0664-4cae-b14c-190156cebafb" />
      <TestMethod codeBase="C:/ProjetosGit/DynamicExpressionBuilder/DynamicExpressionBuilder/DynamicExpressionBuilderTest/bin/Debug/DynamicExpressionBuilderTest.DLL" adapterTypeName="Microsoft.VisualStudio.TestTools.TestTypes.Unit.UnitTestAdapter, Microsoft.VisualStudio.QualityTools.Tips.UnitTest.Adapter, Version=10.0.0.0, Culture=neutral, PublicKeyToken=b03f5f7f11d50a3a" className="DynamicExpressionBuilderTest.FilterExpressionTest, DynamicExpressionBuilderTest, Version=1.0.0.0, Culture=neutral, PublicKeyToken=null" name="ShouldBeFast" />
    </UnitTest>
    <UnitTest name="ReturnSameValueWhenUseExpressionAnd" storage="c:\projetosgit\dynamicexpressionbuilder\dynamicexpressionbuilder\dynamicexpressionbuildertest\bin\debug\dynamicexpressionbuildertest.dll" id="2c0d7cc5-6ae9-fd35-7a1a-c031abd40cce">
      <Execution id="de1fbbaa-f150-4232-b607-69df23b36192" />
      <TestMethod codeBase="C:/ProjetosGit/DynamicExpressionBuilder/DynamicExpressionBuilder/DynamicExpressionBuilderTest/bin/Debug/DynamicExpressionBuilderTest.DLL" adapterTypeName="Microsoft.VisualStudio.TestTools.TestTypes.Unit.UnitTestAdapter, Microsoft.VisualStudio.QualityTools.Tips.UnitTest.Adapter, Version=10.0.0.0, Culture=neutral, PublicKeyToken=b03f5f7f11d50a3a" className="DynamicExpressionBuilderTest.FilterExpressionTest, DynamicExpressionBuilderTest, Version=1.0.0.0, Culture=neutral, PublicKeyToken=null" name="ReturnSameValueWhenUseExpressionAnd" />
    </UnitTest>
  </TestDefinitions>
  <TestLists>
    <TestList name="Results Not in a List" id="8c84fa94-04c1-424b-9868-57a2d4851a1d" />
    <TestList name="All Loaded Results" id="19431567-8539-422a-85d7-44ee4e166bda" />
  </TestLists>
  <TestEntries>
    <TestEntry testId="2c0d7cc5-6ae9-fd35-7a1a-c031abd40cce" executionId="de1fbbaa-f150-4232-b607-69df23b36192" testListId="8c84fa94-04c1-424b-9868-57a2d4851a1d" />
    <TestEntry testId="649c718a-29c9-5aef-60e8-5ab01cb7bf94" executionId="46f03c8e-5c89-47c9-8c9a-8b92292e4820" testListId="8c84fa94-04c1-424b-9868-57a2d4851a1d" />
    <TestEntry testId="a091c62d-cbd8-20bf-38ee-4c2e0c08d4f7" executionId="407f7989-86cf-4b7b-9115-7a1212c6666b" testListId="8c84fa94-04c1-424b-9868-57a2d4851a1d" />
    <TestEntry testId="b811aea2-ddd9-0281-69a5-a60da703395d" executionId="819301ad-0664-4cae-b14c-190156cebafb" testListId="8c84fa94-04c1-424b-9868-57a2d4851a1d" />
  </TestEntries>
  <Results>
    <UnitTestResult executionId="de1fbbaa-f150-4232-b607-69df23b36192" testId="2c0d7cc5-6ae9-fd35-7a1a-c031abd40cce" testName="ReturnSameValueWhenUseExpressionAnd" computerName="ALBERTO-PC" duration="00:00:02.6046982" startTime="2011-06-16T08:26:57.0939735-03:00" endTime="2011-06-16T08:27:00.0591431-03:00" testType="13cdc9d9-ddb5-4fa4-a97d-d965ccfc6d4b" outcome="Passed" testListId="8c84fa94-04c1-424b-9868-57a2d4851a1d" relativeResultsDirectory="de1fbbaa-f150-4232-b607-69df23b36192">
    </UnitTestResult>
    <UnitTestResult executionId="46f03c8e-5c89-47c9-8c9a-8b92292e4820" testId="649c718a-29c9-5aef-60e8-5ab01cb7bf94" testName="ReturnSameValueWhenUseExpressionOr" computerName="ALBERTO-PC" duration="00:00:32.9034405" startTime="2011-06-16T08:27:00.0641434-03:00" endTime="2011-06-16T08:27:32.9760258-03:00" testType="13cdc9d9-ddb5-4fa4-a97d-d965ccfc6d4b" outcome="Passed" testListId="8c84fa94-04c1-424b-9868-57a2d4851a1d" relativeResultsDirectory="46f03c8e-5c89-47c9-8c9a-8b92292e4820">
    </UnitTestResult>
    <UnitTestResult executionId="407f7989-86cf-4b7b-9115-7a1212c6666b" testId="a091c62d-cbd8-20bf-38ee-4c2e0c08d4f7" testName="ShouldBeEqualsWithChainedWheres" computerName="ALBERTO-PC" duration="00:00:02.3302091" startTime="2011-06-16T08:27:33.0080277-03:00" endTime="2011-06-16T08:27:35.3431612-03:00" testType="13cdc9d9-ddb5-4fa4-a97d-d965ccfc6d4b" outcome="Passed" testListId="8c84fa94-04c1-424b-9868-57a2d4851a1d" relativeResultsDirectory="407f7989-86cf-4b7b-9115-7a1212c6666b">
    </UnitTestResult>
    <UnitTestResult executionId="819301ad-0664-4cae-b14c-190156cebafb" testId="b811aea2-ddd9-0281-69a5-a60da703395d" testName="ShouldBeFast" computerName="ALBERTO-PC" duration="00:00:00.0030203" startTime="2011-06-16T08:27:35.3491616-03:00" endTime="2011-06-16T08:27:35.3561620-03:00" testType="13cdc9d9-ddb5-4fa4-a97d-d965ccfc6d4b" outcome="Passed" testListId="8c84fa94-04c1-424b-9868-57a2d4851a1d" relativeResultsDirectory="819301ad-0664-4cae-b14c-190156cebafb">
    </UnitTestResult>
  </Results>
</TestRun>