<?xml version="1.0" encoding="UTF-8"?>
<TestRun id="f4c263a5-ed33-4c07-b176-2862dfb2a907" name="Alberto@ALBERTO-PC 2011-06-16 07:50:04" runUser="Alberto-PC\Alberto" xmlns="http://microsoft.com/schemas/VisualStudio/TeamTest/2010">
  <TestSettings name="Local" id="4a4c0338-46f7-45f6-a07a-14435562145d">
    <Description>These are default test settings for a local test run.</Description>
    <Deployment enabled="false" runDeploymentRoot="Alberto_ALBERTO-PC 2011-06-16 07_50_04">
      <DeploymentItem filename="C:\ProjetosGit\DynamicExpressionBuilder\DynamicExpressionBuilder\DynamicExpressionBuilder\bin\Debug\DynamicExpressionBuilder.dll" />
    </Deployment>
    <Execution>
      <TestTypeSpecific />
      <AgentRule name="Execution Agents">
      </AgentRule>
    </Execution>
  </TestSettings>
  <Times creation="2011-06-16T07:50:04.5884254-03:00" queuing="2011-06-16T07:50:04.6974317-03:00" start="2011-06-16T07:50:04.7224331-03:00" finish="2011-06-16T07:50:05.2824651-03:00" />
  <ResultSummary outcome="Completed">
    <Counters total="3" executed="3" passed="3" error="0" failed="0" timeout="0" aborted="0" inconclusive="0" passedButRunAborted="0" notRunnable="0" notExecuted="0" disconnected="0" warning="0" completed="0" inProgress="0" pending="0" />
  </ResultSummary>
  <TestDefinitions>
    <UnitTest name="ReturnSameValueWhenUseExpressionOr" storage="c:\projetosgit\dynamicexpressionbuilder\dynamicexpressionbuilder\dynamicexpressionbuildertest\bin\debug\dynamicexpressionbuildertest.dll" id="649c718a-29c9-5aef-60e8-5ab01cb7bf94">
      <Execution id="6eddecb2-20ad-4cd3-b823-0dc189ff1c20" />
      <TestMethod codeBase="C:/ProjetosGit/DynamicExpressionBuilder/DynamicExpressionBuilder/DynamicExpressionBuilderTest/bin/Debug/DynamicExpressionBuilderTest.DLL" adapterTypeName="Microsoft.VisualStudio.TestTools.TestTypes.Unit.UnitTestAdapter, Microsoft.VisualStudio.QualityTools.Tips.UnitTest.Adapter, Version=10.0.0.0, Culture=neutral, PublicKeyToken=b03f5f7f11d50a3a" className="DynamicExpressionBuilderTest.FilterExpressionTest, DynamicExpressionBuilderTest, Version=1.0.0.0, Culture=neutral, PublicKeyToken=null" name="ReturnSameValueWhenUseExpressionOr" />
    </UnitTest>
    <UnitTest name="ShouldBeEqualsWithChainedWheres" storage="c:\projetosgit\dynamicexpressionbuilder\dynamicexpressionbuilder\dynamicexpressionbuildertest\bin\debug\dynamicexpressionbuildertest.dll" id="a091c62d-cbd8-20bf-38ee-4c2e0c08d4f7">
      <Execution id="345ceeab-fc1d-4838-bdfd-eb00eefad029" />
      <TestMethod codeBase="C:/ProjetosGit/DynamicExpressionBuilder/DynamicExpressionBuilder/DynamicExpressionBuilderTest/bin/Debug/DynamicExpressionBuilderTest.DLL" adapterTypeName="Microsoft.VisualStudio.TestTools.TestTypes.Unit.UnitTestAdapter, Microsoft.VisualStudio.QualityTools.Tips.UnitTest.Adapter, Version=10.0.0.0, Culture=neutral, PublicKeyToken=b03f5f7f11d50a3a" className="DynamicExpressionBuilderTest.FilterExpressionTest, DynamicExpressionBuilderTest, Version=1.0.0.0, Culture=neutral, PublicKeyToken=null" name="ShouldBeEqualsWithChainedWheres" />
    </UnitTest>
    <UnitTest name="ReturnSameValueWhenUseExpressionAnd" storage="c:\projetosgit\dynamicexpressionbuilder\dynamicexpressionbuilder\dynamicexpressionbuildertest\bin\debug\dynamicexpressionbuildertest.dll" id="2c0d7cc5-6ae9-fd35-7a1a-c031abd40cce">
      <Execution id="a4ac7539-df11-40d4-a5e7-d6f54c264a59" />
      <TestMethod codeBase="C:/ProjetosGit/DynamicExpressionBuilder/DynamicExpressionBuilder/DynamicExpressionBuilderTest/bin/Debug/DynamicExpressionBuilderTest.DLL" adapterTypeName="Microsoft.VisualStudio.TestTools.TestTypes.Unit.UnitTestAdapter, Microsoft.VisualStudio.QualityTools.Tips.UnitTest.Adapter, Version=10.0.0.0, Culture=neutral, PublicKeyToken=b03f5f7f11d50a3a" className="DynamicExpressionBuilderTest.FilterExpressionTest, DynamicExpressionBuilderTest, Version=1.0.0.0, Culture=neutral, PublicKeyToken=null" name="ReturnSameValueWhenUseExpressionAnd" />
    </UnitTest>
  </TestDefinitions>
  <TestLists>
    <TestList name="Results Not in a List" id="8c84fa94-04c1-424b-9868-57a2d4851a1d" />
    <TestList name="All Loaded Results" id="19431567-8539-422a-85d7-44ee4e166bda" />
  </TestLists>
  <TestEntries>
    <TestEntry testId="2c0d7cc5-6ae9-fd35-7a1a-c031abd40cce" executionId="a4ac7539-df11-40d4-a5e7-d6f54c264a59" testListId="8c84fa94-04c1-424b-9868-57a2d4851a1d" />
    <TestEntry testId="649c718a-29c9-5aef-60e8-5ab01cb7bf94" executionId="6eddecb2-20ad-4cd3-b823-0dc189ff1c20" testListId="8c84fa94-04c1-424b-9868-57a2d4851a1d" />
    <TestEntry testId="a091c62d-cbd8-20bf-38ee-4c2e0c08d4f7" executionId="345ceeab-fc1d-4838-bdfd-eb00eefad029" testListId="8c84fa94-04c1-424b-9868-57a2d4851a1d" />
  </TestEntries>
  <Results>
    <UnitTestResult executionId="a4ac7539-df11-40d4-a5e7-d6f54c264a59" testId="2c0d7cc5-6ae9-fd35-7a1a-c031abd40cce" testName="ReturnSameValueWhenUseExpressionAnd" computerName="ALBERTO-PC" duration="00:00:00.0298885" startTime="2011-06-16T07:50:04.7794364-03:00" endTime="2011-06-16T07:50:05.0924543-03:00" testType="13cdc9d9-ddb5-4fa4-a97d-d965ccfc6d4b" outcome="Passed" testListId="8c84fa94-04c1-424b-9868-57a2d4851a1d" relativeResultsDirectory="a4ac7539-df11-40d4-a5e7-d6f54c264a59">
    </UnitTestResult>
    <UnitTestResult executionId="6eddecb2-20ad-4cd3-b823-0dc189ff1c20" testId="649c718a-29c9-5aef-60e8-5ab01cb7bf94" testName="ReturnSameValueWhenUseExpressionOr" computerName="ALBERTO-PC" duration="00:00:00.0132772" startTime="2011-06-16T07:50:05.1164556-03:00" endTime="2011-06-16T07:50:05.1344567-03:00" testType="13cdc9d9-ddb5-4fa4-a97d-d965ccfc6d4b" outcome="Passed" testListId="8c84fa94-04c1-424b-9868-57a2d4851a1d" relativeResultsDirectory="6eddecb2-20ad-4cd3-b823-0dc189ff1c20">
    </UnitTestResult>
    <UnitTestResult executionId="345ceeab-fc1d-4838-bdfd-eb00eefad029" testId="a091c62d-cbd8-20bf-38ee-4c2e0c08d4f7" testName="ShouldBeEqualsWithChainedWheres" computerName="ALBERTO-PC" duration="00:00:00.0044702" startTime="2011-06-16T07:50:05.2474631-03:00" endTime="2011-06-16T07:50:05.2574637-03:00" testType="13cdc9d9-ddb5-4fa4-a97d-d965ccfc6d4b" outcome="Passed" testListId="8c84fa94-04c1-424b-9868-57a2d4851a1d" relativeResultsDirectory="345ceeab-fc1d-4838-bdfd-eb00eefad029">
    </UnitTestResult>
  </Results>
</TestRun>