<?xml version="1.0" encoding="UTF-8"?>
<TestRun id="3442065c-1e64-442d-b94c-f17dd35cbcd3" name="Alberto@ALBERTO-PC 2011-06-15 23:04:50" runUser="Alberto-PC\Alberto" xmlns="http://microsoft.com/schemas/VisualStudio/TeamTest/2010">
  <TestSettings name="Local" id="4a4c0338-46f7-45f6-a07a-14435562145d">
    <Description>These are default test settings for a local test run.</Description>
    <Deployment enabled="false" runDeploymentRoot="Alberto_ALBERTO-PC 2011-06-15 23_04_50">
      <DeploymentItem filename="C:\ProjetosGit\DynamicExpressionBuilder\DynamicExpressionBuilder\DynamicExpressionBuilder\bin\Debug\DynamicExpressionBuilder.dll" />
    </Deployment>
    <Execution>
      <TestTypeSpecific />
      <AgentRule name="Execution Agents">
      </AgentRule>
    </Execution>
  </TestSettings>
  <Times creation="2011-06-15T23:04:50.2431055-03:00" queuing="2011-06-15T23:04:50.5141210-03:00" start="2011-06-15T23:04:50.5841250-03:00" finish="2011-06-15T23:05:07.3390833-03:00" />
  <ResultSummary outcome="Failed">
    <Counters total="4" executed="4" passed="3" error="0" failed="1" timeout="0" aborted="0" inconclusive="0" passedButRunAborted="0" notRunnable="0" notExecuted="0" disconnected="0" warning="0" completed="0" inProgress="0" pending="0" />
  </ResultSummary>
  <TestDefinitions>
    <UnitTest name="ReturnSameValueWhenUseExpressionAnd" storage="c:\projetosgit\dynamicexpressionbuilder\dynamicexpressionbuilder\dynamicexpressionbuildertest\bin\debug\dynamicexpressionbuildertest.dll" id="2c0d7cc5-6ae9-fd35-7a1a-c031abd40cce">
      <Execution id="6cab2f25-3d95-4a99-834d-ceccb5b23252" />
      <TestMethod codeBase="C:/ProjetosGit/DynamicExpressionBuilder/DynamicExpressionBuilder/DynamicExpressionBuilderTest/bin/Debug/DynamicExpressionBuilderTest.DLL" adapterTypeName="Microsoft.VisualStudio.TestTools.TestTypes.Unit.UnitTestAdapter, Microsoft.VisualStudio.QualityTools.Tips.UnitTest.Adapter, Version=10.0.0.0, Culture=neutral, PublicKeyToken=b03f5f7f11d50a3a" className="DynamicExpressionBuilderTest.FilterExpressionTest, DynamicExpressionBuilderTest, Version=1.0.0.0, Culture=neutral, PublicKeyToken=null" name="ReturnSameValueWhenUseExpressionAnd" />
    </UnitTest>
    <UnitTest name="ShouldBeFasterThanChainedWheres" storage="c:\projetosgit\dynamicexpressionbuilder\dynamicexpressionbuilder\dynamicexpressionbuildertest\bin\debug\dynamicexpressionbuildertest.dll" id="36d39790-ed17-debb-38ee-b7183925febe">
      <Execution id="a0f2200a-9bb5-4e32-934f-ef9d1adf4cbb" />
      <TestMethod codeBase="C:/ProjetosGit/DynamicExpressionBuilder/DynamicExpressionBuilder/DynamicExpressionBuilderTest/bin/Debug/DynamicExpressionBuilderTest.DLL" adapterTypeName="Microsoft.VisualStudio.TestTools.TestTypes.Unit.UnitTestAdapter, Microsoft.VisualStudio.QualityTools.Tips.UnitTest.Adapter, Version=10.0.0.0, Culture=neutral, PublicKeyToken=b03f5f7f11d50a3a" className="DynamicExpressionBuilderTest.FilterExpressionTest, DynamicExpressionBuilderTest, Version=1.0.0.0, Culture=neutral, PublicKeyToken=null" name="ShouldBeFasterThanChainedWheres" />
    </UnitTest>
    <UnitTest name="ReturnSameValueWhenUseExpressionOr" storage="c:\projetosgit\dynamicexpressionbuilder\dynamicexpressionbuilder\dynamicexpressionbuildertest\bin\debug\dynamicexpressionbuildertest.dll" id="649c718a-29c9-5aef-60e8-5ab01cb7bf94">
      <Execution id="f145fc7d-118d-4063-bcfa-8775a4e0a806" />
      <TestMethod codeBase="C:/ProjetosGit/DynamicExpressionBuilder/DynamicExpressionBuilder/DynamicExpressionBuilderTest/bin/Debug/DynamicExpressionBuilderTest.DLL" adapterTypeName="Microsoft.VisualStudio.TestTools.TestTypes.Unit.UnitTestAdapter, Microsoft.VisualStudio.QualityTools.Tips.UnitTest.Adapter, Version=10.0.0.0, Culture=neutral, PublicKeyToken=b03f5f7f11d50a3a" className="DynamicExpressionBuilderTest.FilterExpressionTest, DynamicExpressionBuilderTest, Version=1.0.0.0, Culture=neutral, PublicKeyToken=null" name="ReturnSameValueWhenUseExpressionOr" />
    </UnitTest>
    <UnitTest name="ShouldBeEqualsWithChainedWheres" storage="c:\projetosgit\dynamicexpressionbuilder\dynamicexpressionbuilder\dynamicexpressionbuildertest\bin\debug\dynamicexpressionbuildertest.dll" id="a091c62d-cbd8-20bf-38ee-4c2e0c08d4f7">
      <Execution id="fa26c25e-5490-4d8b-84f8-94c400168008" />
      <TestMethod codeBase="C:/ProjetosGit/DynamicExpressionBuilder/DynamicExpressionBuilder/DynamicExpressionBuilderTest/bin/Debug/DynamicExpressionBuilderTest.DLL" adapterTypeName="Microsoft.VisualStudio.TestTools.TestTypes.Unit.UnitTestAdapter, Microsoft.VisualStudio.QualityTools.Tips.UnitTest.Adapter, Version=10.0.0.0, Culture=neutral, PublicKeyToken=b03f5f7f11d50a3a" className="DynamicExpressionBuilderTest.FilterExpressionTest, DynamicExpressionBuilderTest, Version=1.0.0.0, Culture=neutral, PublicKeyToken=null" name="ShouldBeEqualsWithChainedWheres" />
    </UnitTest>
  </TestDefinitions>
  <TestLists>
    <TestList name="Results Not in a List" id="8c84fa94-04c1-424b-9868-57a2d4851a1d" />
    <TestList name="All Loaded Results" id="19431567-8539-422a-85d7-44ee4e166bda" />
  </TestLists>
  <TestEntries>
    <TestEntry testId="2c0d7cc5-6ae9-fd35-7a1a-c031abd40cce" executionId="6cab2f25-3d95-4a99-834d-ceccb5b23252" testListId="8c84fa94-04c1-424b-9868-57a2d4851a1d" />
    <TestEntry testId="36d39790-ed17-debb-38ee-b7183925febe" executionId="a0f2200a-9bb5-4e32-934f-ef9d1adf4cbb" testListId="8c84fa94-04c1-424b-9868-57a2d4851a1d" />
    <TestEntry testId="649c718a-29c9-5aef-60e8-5ab01cb7bf94" executionId="f145fc7d-118d-4063-bcfa-8775a4e0a806" testListId="8c84fa94-04c1-424b-9868-57a2d4851a1d" />
    <TestEntry testId="a091c62d-cbd8-20bf-38ee-4c2e0c08d4f7" executionId="fa26c25e-5490-4d8b-84f8-94c400168008" testListId="8c84fa94-04c1-424b-9868-57a2d4851a1d" />
  </TestEntries>
  <Results>
    <UnitTestResult executionId="6cab2f25-3d95-4a99-834d-ceccb5b23252" testId="2c0d7cc5-6ae9-fd35-7a1a-c031abd40cce" testName="ReturnSameValueWhenUseExpressionAnd" computerName="ALBERTO-PC" duration="00:00:01.9329208" startTime="2011-06-15T23:04:50.6481287-03:00" endTime="2011-06-15T23:04:53.0902684-03:00" testType="13cdc9d9-ddb5-4fa4-a97d-d965ccfc6d4b" outcome="Passed" testListId="8c84fa94-04c1-424b-9868-57a2d4851a1d" relativeResultsDirectory="6cab2f25-3d95-4a99-834d-ceccb5b23252">
    </UnitTestResult>
    <UnitTestResult executionId="a0f2200a-9bb5-4e32-934f-ef9d1adf4cbb" testId="36d39790-ed17-debb-38ee-b7183925febe" testName="ShouldBeFasterThanChainedWheres" computerName="ALBERTO-PC" duration="00:00:02.2612760" startTime="2011-06-15T23:04:53.0972688-03:00" endTime="2011-06-15T23:04:55.3643984-03:00" testType="13cdc9d9-ddb5-4fa4-a97d-d965ccfc6d4b" outcome="Failed" testListId="8c84fa94-04c1-424b-9868-57a2d4851a1d" relativeResultsDirectory="a0f2200a-9bb5-4e32-934f-ef9d1adf4cbb">
      <Output>
        <ErrorInfo>
          <Message>Assert.IsTrue failed. </Message>
          <StackTrace>   em DynamicExpressionBuilderTest.FilterExpressionTest.ShouldBeFasterThanChainedWheres() na C:\ProjetosGit\DynamicExpressionBuilder\DynamicExpressionBuilder\DynamicExpressionBuilderTest\FilterExpressionTest.cs:linha 90
</StackTrace>
        </ErrorInfo>
      </Output>
    </UnitTestResult>
    <UnitTestResult executionId="f145fc7d-118d-4063-bcfa-8775a4e0a806" testId="649c718a-29c9-5aef-60e8-5ab01cb7bf94" testName="ReturnSameValueWhenUseExpressionOr" computerName="ALBERTO-PC" duration="00:00:09.2351778" startTime="2011-06-15T23:04:55.3693987-03:00" endTime="2011-06-15T23:05:04.6419291-03:00" testType="13cdc9d9-ddb5-4fa4-a97d-d965ccfc6d4b" outcome="Passed" testListId="8c84fa94-04c1-424b-9868-57a2d4851a1d" relativeResultsDirectory="f145fc7d-118d-4063-bcfa-8775a4e0a806">
    </UnitTestResult>
    <UnitTestResult executionId="fa26c25e-5490-4d8b-84f8-94c400168008" testId="a091c62d-cbd8-20bf-38ee-4c2e0c08d4f7" testName="ShouldBeEqualsWithChainedWheres" computerName="ALBERTO-PC" duration="00:00:01.8840965" startTime="2011-06-15T23:05:04.6479294-03:00" endTime="2011-06-15T23:05:06.5370375-03:00" testType="13cdc9d9-ddb5-4fa4-a97d-d965ccfc6d4b" outcome="Passed" testListId="8c84fa94-04c1-424b-9868-57a2d4851a1d" relativeResultsDirectory="fa26c25e-5490-4d8b-84f8-94c400168008">
    </UnitTestResult>
  </Results>
</TestRun>