<?xml version="1.0" encoding="UTF-8"?>
<TestRun id="7fe6528c-cae8-44d8-99d5-ff25158c324b" name="Alberto@ALBERTO-PC 2011-06-16 07:44:30" runUser="Alberto-PC\Alberto" xmlns="http://microsoft.com/schemas/VisualStudio/TeamTest/2010">
  <TestSettings name="Local" id="4a4c0338-46f7-45f6-a07a-14435562145d">
    <Description>These are default test settings for a local test run.</Description>
    <Deployment enabled="false" runDeploymentRoot="Alberto_ALBERTO-PC 2011-06-16 07_44_30">
      <DeploymentItem filename="C:\ProjetosGit\DynamicExpressionBuilder\DynamicExpressionBuilder\DynamicExpressionBuilder\bin\Debug\DynamicExpressionBuilder.dll" />
    </Deployment>
    <Execution>
      <TestTypeSpecific />
      <AgentRule name="Execution Agents">
      </AgentRule>
    </Execution>
  </TestSettings>
  <Times creation="2011-06-16T07:44:30.1482965-03:00" queuing="2011-06-16T07:44:30.2443020-03:00" start="2011-06-16T07:44:30.2733037-03:00" finish="2011-06-16T07:46:11.6321011-03:00" />
  <ResultSummary outcome="Error">
    <Counters total="3" executed="2" error="1" failed="0" timeout="0" aborted="1" inconclusive="0" passedButRunAborted="0" notRunnable="0" notExecuted="1" disconnected="0" warning="0" passed="0" completed="0" inProgress="0" pending="0" />
  </ResultSummary>
  <TestDefinitions>
    <UnitTest name="ReturnSameValueWhenUseExpressionOr" storage="c:\projetosgit\dynamicexpressionbuilder\dynamicexpressionbuilder\dynamicexpressionbuildertest\bin\debug\dynamicexpressionbuildertest.dll" id="649c718a-29c9-5aef-60e8-5ab01cb7bf94">
      <Execution id="eb9618a6-7800-44cc-bef8-d1c01c944b2b" />
      <TestMethod codeBase="C:/ProjetosGit/DynamicExpressionBuilder/DynamicExpressionBuilder/DynamicExpressionBuilderTest/bin/Debug/DynamicExpressionBuilderTest.DLL" adapterTypeName="Microsoft.VisualStudio.TestTools.TestTypes.Unit.UnitTestAdapter, Microsoft.VisualStudio.QualityTools.Tips.UnitTest.Adapter, Version=10.0.0.0, Culture=neutral, PublicKeyToken=b03f5f7f11d50a3a" className="DynamicExpressionBuilderTest.FilterExpressionTest, DynamicExpressionBuilderTest, Version=1.0.0.0, Culture=neutral, PublicKeyToken=null" name="ReturnSameValueWhenUseExpressionOr" />
    </UnitTest>
    <UnitTest name="ShouldBeEqualsWithChainedWheres" storage="c:\projetosgit\dynamicexpressionbuilder\dynamicexpressionbuilder\dynamicexpressionbuildertest\bin\debug\dynamicexpressionbuildertest.dll" id="a091c62d-cbd8-20bf-38ee-4c2e0c08d4f7">
      <Execution id="f824bc11-6183-40cd-aef2-ef4b36a31542" />
      <TestMethod codeBase="C:/ProjetosGit/DynamicExpressionBuilder/DynamicExpressionBuilder/DynamicExpressionBuilderTest/bin/Debug/DynamicExpressionBuilderTest.DLL" adapterTypeName="Microsoft.VisualStudio.TestTools.TestTypes.Unit.UnitTestAdapter, Microsoft.VisualStudio.QualityTools.Tips.UnitTest.Adapter, Version=10.0.0.0, Culture=neutral, PublicKeyToken=b03f5f7f11d50a3a" className="DynamicExpressionBuilderTest.FilterExpressionTest, DynamicExpressionBuilderTest, Version=1.0.0.0, Culture=neutral, PublicKeyToken=null" name="ShouldBeEqualsWithChainedWheres" />
    </UnitTest>
    <UnitTest name="ReturnSameValueWhenUseExpressionAnd" storage="c:\projetosgit\dynamicexpressionbuilder\dynamicexpressionbuilder\dynamicexpressionbuildertest\bin\debug\dynamicexpressionbuildertest.dll" id="2c0d7cc5-6ae9-fd35-7a1a-c031abd40cce">
      <Execution id="67e370e8-9972-43db-a139-c8ac768587e2" />
      <TestMethod codeBase="C:/ProjetosGit/DynamicExpressionBuilder/DynamicExpressionBuilder/DynamicExpressionBuilderTest/bin/Debug/DynamicExpressionBuilderTest.DLL" adapterTypeName="Microsoft.VisualStudio.TestTools.TestTypes.Unit.UnitTestAdapter, Microsoft.VisualStudio.QualityTools.Tips.UnitTest.Adapter, Version=10.0.0.0, Culture=neutral, PublicKeyToken=b03f5f7f11d50a3a" className="DynamicExpressionBuilderTest.FilterExpressionTest, DynamicExpressionBuilderTest, Version=1.0.0.0, Culture=neutral, PublicKeyToken=null" name="ReturnSameValueWhenUseExpressionAnd" />
    </UnitTest>
  </TestDefinitions>
  <TestLists>
    <TestList name="Results Not in a List" id="8c84fa94-04c1-424b-9868-57a2d4851a1d" />
    <TestList name="All Loaded Results" id="19431567-8539-422a-85d7-44ee4e166bda" />
  </TestLists>
  <TestEntries>
    <TestEntry testId="2c0d7cc5-6ae9-fd35-7a1a-c031abd40cce" executionId="67e370e8-9972-43db-a139-c8ac768587e2" testListId="8c84fa94-04c1-424b-9868-57a2d4851a1d" />
    <TestEntry testId="649c718a-29c9-5aef-60e8-5ab01cb7bf94" executionId="eb9618a6-7800-44cc-bef8-d1c01c944b2b" testListId="8c84fa94-04c1-424b-9868-57a2d4851a1d" />
    <TestEntry testId="a091c62d-cbd8-20bf-38ee-4c2e0c08d4f7" executionId="f824bc11-6183-40cd-aef2-ef4b36a31542" testListId="8c84fa94-04c1-424b-9868-57a2d4851a1d" />
  </TestEntries>
  <Results>
    <UnitTestResult executionId="67e370e8-9972-43db-a139-c8ac768587e2" testId="2c0d7cc5-6ae9-fd35-7a1a-c031abd40cce" testName="ReturnSameValueWhenUseExpressionAnd" computerName="ALBERTO-PC" startTime="2011-06-16T07:44:30.3133060-03:00" endTime="2011-06-16T07:46:03.1226144-03:00" testType="13cdc9d9-ddb5-4fa4-a97d-d965ccfc6d4b" testListId="8c84fa94-04c1-424b-9868-57a2d4851a1d" relativeResultsDirectory="67e370e8-9972-43db-a139-c8ac768587e2">
      <Output>
        <ErrorInfo>
          <Message>The agent process was stopped while the test was running.</Message>
        </ErrorInfo>
      </Output>
    </UnitTestResult>
    <UnitTestResult executionId="eb9618a6-7800-44cc-bef8-d1c01c944b2b" testId="649c718a-29c9-5aef-60e8-5ab01cb7bf94" testName="ReturnSameValueWhenUseExpressionOr" computerName="ALBERTO-PC" duration="00:00:02.8031604" startTime="2011-06-16T07:46:03.1536161-03:00" endTime="2011-06-16T07:46:05.9567765-03:00" testType="13cdc9d9-ddb5-4fa4-a97d-d965ccfc6d4b" outcome="Aborted" testListId="8c84fa94-04c1-424b-9868-57a2d4851a1d" relativeResultsDirectory="eb9618a6-7800-44cc-bef8-d1c01c944b2b">
      <Output>
        <ErrorInfo>
          <Message>User aborted test run.</Message>
        </ErrorInfo>
      </Output>
    </UnitTestResult>
    <UnitTestResult executionId="f824bc11-6183-40cd-aef2-ef4b36a31542" testId="a091c62d-cbd8-20bf-38ee-4c2e0c08d4f7" testName="ShouldBeEqualsWithChainedWheres" computerName="ALBERTO-PC" testType="13cdc9d9-ddb5-4fa4-a97d-d965ccfc6d4b" outcome="NotExecuted" testListId="8c84fa94-04c1-424b-9868-57a2d4851a1d" relativeResultsDirectory="f824bc11-6183-40cd-aef2-ef4b36a31542">
    </UnitTestResult>
  </Results>
</TestRun>